{
  "generated_at": "2025-07-26T00:00:00Z",
  "plugins_used": [
    {
      "name": "Base64HighEntropyString",
      "version": "1.4.0"
    },
    {
      "name": "HexHighEntropyString",
      "version": "1.4.0"
    },
    {
      "name": "PrivateKeyDetector",
      "version": "1.4.0"
    },
    {
      "name": "AWSKeyDetector",
      "version": "1.4.0"
    }
  ],
  "results": {}
}